[    0.000000] Linux version 4.15.0-76-generic (buildd@lcy01-amd64-029) (gcc version 7.4.0 (Ubuntu 7.4.0-1ubuntu1~18.04.1)) #86-Ubuntu SMP Fri Jan 17 17:24:28 UTC 2020 (Ubuntu 4.15.0-76.86-generic 4.15.18)
[    0.000000] Command line: BOOT_IMAGE=/boot/vmlinuz-4.15.0-76-generic root=LABEL=cloudimg-rootfs ro console=tty1 console=ttyS0
[    0.000000] KERNEL supported cpus:
[    0.000000]   Intel GenuineIntel
[    0.000000]   AMD AuthenticAMD
[    0.000000]   Centaur CentaurHauls
[    0.000000] x86/fpu: Supporting XSAVE feature 0x001: 'x87 floating point registers'
[    0.000000] x86/fpu: Supporting XSAVE feature 0x002: 'SSE registers'
[    0.000000] x86/fpu: Supporting XSAVE feature 0x004: 'AVX registers'
[    0.000000] x86/fpu: xstate_offset[2]:  576, xstate_sizes[2]:  256
[    0.000000] x86/fpu: Enabled xstate features 0x7, context size is 832 bytes, using 'standard' format.
[    0.000000] e820: BIOS-provided physical RAM map:
[    0.000000] BIOS-e820: [mem 0x0000000000000000-0x000000000009fbff] usable
[    0.000000] BIOS-e820: [mem 0x000000000009fc00-0x000000000009ffff] reserved
[    0.000000] BIOS-e820: [mem 0x00000000000f0000-0x00000000000fffff] reserved
[    0.000000] BIOS-e820: [mem 0x0000000000100000-0x000000003ffeffff] usable
[    0.000000] BIOS-e820: [mem 0x000000003fff0000-0x000000003fffffff] ACPI data
[    0.000000] BIOS-e820: [mem 0x00000000fec00000-0x00000000fec00fff] reserved
[    0.000000] BIOS-e820: [mem 0x00000000fee00000-0x00000000fee00fff] reserved
[    0.000000] BIOS-e820: [mem 0x00000000fffc0000-0x00000000ffffffff] reserved
[    0.000000] NX (Execute Disable) protection: active
[    0.000000] SMBIOS 2.5 present.
[    0.000000] DMI: innotek GmbH VirtualBox/VirtualBox, BIOS VirtualBox 12/01/2006
[    0.000000] Hypervisor detected: KVM
[    0.000000] e820: last_pfn = 0x3fff0 max_arch_pfn = 0x400000000
[    0.000000] MTRR: Disabled
[    0.000000] x86/PAT: MTRRs disabled, skipping PAT initialization too.
[    0.000000] CPU MTRRs all blank - virtualized system.
[    0.000000] x86/PAT: Configuration [0-7]: WB  WT  UC- UC  WB  WT  UC- UC  
[    0.000000] found SMP MP-table at [mem 0x0009fff0-0x0009ffff]
[    0.000000] Scanning 1 areas for low memory corruption
[    0.000000] RAMDISK: [mem 0x3595f000-0x36ca6fff]
[    0.000000] ACPI: Early table checksum verification disabled
[    0.000000] ACPI: RSDP 0x00000000000E0000 000024 (v02 VBOX  )
[    0.000000] ACPI: XSDT 0x000000003FFF0030 00003C (v01 VBOX   VBOXXSDT 00000001 ASL  00000061)
[    0.000000] ACPI: FACP 0x000000003FFF00F0 0000F4 (v04 VBOX   VBOXFACP 00000001 ASL  00000061)
[    0.000000] ACPI: DSDT 0x000000003FFF0470 0022EA (v02 VBOX   VBOXBIOS 00000002 INTL 20100528)
[    0.000000] ACPI: FACS 0x000000003FFF0200 000040
[    0.000000] ACPI: FACS 0x000000003FFF0200 000040
[    0.000000] ACPI: APIC 0x000000003FFF0240 00005C (v02 VBOX   VBOXAPIC 00000001 ASL  00000061)
[    0.000000] ACPI: SSDT 0x000000003FFF02A0 0001CC (v01 VBOX   VBOXCPUT 00000002 INTL 20100528)
[    0.000000] No NUMA configuration found
[    0.000000] Faking a node at [mem 0x0000000000000000-0x000000003ffeffff]
[    0.000000] NODE_DATA(0) allocated [mem 0x3ffc5000-0x3ffeffff]
[    0.000000] kvm-clock: cpu 0, msr 0:3ff44001, primary cpu clock
[    0.000000] kvm-clock: Using msrs 4b564d01 and 4b564d00
[    0.000000] kvm-clock: using sched offset of 5019468944 cycles
[    0.000000] clocksource: kvm-clock: mask: 0xffffffffffffffff max_cycles: 0x1cd42e4dffb, max_idle_ns: 881590591483 ns
[    0.000000] Zone ranges:
[    0.000000]   DMA      [mem 0x0000000000001000-0x0000000000ffffff]
[    0.000000]   DMA32    [mem 0x0000000001000000-0x000000003ffeffff]
[    0.000000]   Normal   empty
[    0.000000]   Device   empty
[    0.000000] Movable zone start for each node
[    0.000000] Early memory node ranges
[    0.000000]   node   0: [mem 0x0000000000001000-0x000000000009efff]
[    0.000000]   node   0: [mem 0x0000000000100000-0x000000003ffeffff]
[    0.000000] Reserved but unavailable: 98 pages
[    0.000000] Initmem setup node 0 [mem 0x0000000000001000-0x000000003ffeffff]
[    0.000000] ACPI: PM-Timer IO Port: 0x4008
[    0.000000] IOAPIC[0]: apic_id 2, version 32, address 0xfec00000, GSI 0-23
[    0.000000] ACPI: INT_SRC_OVR (bus 0 bus_irq 0 global_irq 2 dfl dfl)
[    0.000000] ACPI: INT_SRC_OVR (bus 0 bus_irq 9 global_irq 9 low level)
[    0.000000] Using ACPI (MADT) for SMP configuration information
[    0.000000] smpboot: Allowing 2 CPUs, 0 hotplug CPUs
[    0.000000] PM: Registered nosave memory: [mem 0x00000000-0x00000fff]
[    0.000000] PM: Registered nosave memory: [mem 0x0009f000-0x0009ffff]
[    0.000000] PM: Registered nosave memory: [mem 0x000a0000-0x000effff]
[    0.000000] PM: Registered nosave memory: [mem 0x000f0000-0x000fffff]
[    0.000000] e820: [mem 0x40000000-0xfebfffff] available for PCI devices
[    0.000000] Booting paravirtualized kernel on KVM
[    0.000000] clocksource: refined-jiffies: mask: 0xffffffff max_cycles: 0xffffffff, max_idle_ns: 7645519600211568 ns
[    0.000000] random: get_random_bytes called from start_kernel+0x99/0x4fd with crng_init=0
[    0.000000] setup_percpu: NR_CPUS:8192 nr_cpumask_bits:2 nr_cpu_ids:2 nr_node_ids:1
[    0.000000] percpu: Embedded 45 pages/cpu s147456 r8192 d28672 u1048576
[    0.000000] PV qspinlock hash table entries: 256 (order: 0, 4096 bytes)
[    0.000000] Built 1 zonelists, mobility grouping on.  Total pages: 257913
[    0.000000] Policy zone: DMA32
[    0.000000] Kernel command line: BOOT_IMAGE=/boot/vmlinuz-4.15.0-76-generic root=LABEL=cloudimg-rootfs ro console=tty1 console=ttyS0
[    0.000000] Memory: 982536K/1048120K available (12300K kernel code, 2481K rwdata, 4260K rodata, 2428K init, 2704K bss, 65584K reserved, 0K cma-reserved)
[    0.000000] SLUB: HWalign=64, Order=0-3, MinObjects=0, CPUs=2, Nodes=1
[    0.000000] Kernel/User page tables isolation: enabled
[    0.000000] ftrace: allocating 39322 entries in 154 pages
[    0.004000] Hierarchical RCU implementation.
[    0.004000] 	RCU restricting CPUs from NR_CPUS=8192 to nr_cpu_ids=2.
[    0.004000] 	Tasks RCU enabled.
[    0.004000] RCU: Adjusting geometry for rcu_fanout_leaf=16, nr_cpu_ids=2
[    0.004000] NR_IRQS: 524544, nr_irqs: 440, preallocated irqs: 16
[    0.004000] Console: colour VGA+ 80x25
[    0.004000] console [tty1] enabled
[    0.004000] console [ttyS0] enabled
[    0.004000] ACPI: Core revision 20170831
[    0.004000] ACPI: 2 ACPI AML tables successfully acquired and loaded
[    0.004000] APIC: Switch to symmetric I/O mode setup
[    0.004000] x2apic enabled
[    0.004000] Switched APIC routing to physical x2apic.
[    0.005459] ..TIMER: vector=0x30 apic1=0 pin1=2 apic2=-1 pin2=-1
[    0.008006] tsc: Detected 1899.999 MHz processor
[    0.009953] Calibrating delay loop (skipped) preset value.. 3799.99 BogoMIPS (lpj=7599996)
[    0.012009] pid_max: default: 32768 minimum: 301
[    0.016052] Security Framework initialized
[    0.017225] Yama: becoming mindful.
[    0.018213] AppArmor: AppArmor initialized
[    0.021831] Dentry cache hash table entries: 131072 (order: 8, 1048576 bytes)
[    0.024089] Inode-cache hash table entries: 65536 (order: 7, 524288 bytes)
[    0.025872] Mount-cache hash table entries: 2048 (order: 2, 16384 bytes)
[    0.028010] Mountpoint-cache hash table entries: 2048 (order: 2, 16384 bytes)
[    0.031361] Last level iTLB entries: 4KB 1024, 2MB 1024, 4MB 1024
[    0.032004] Last level dTLB entries: 4KB 1024, 2MB 1024, 4MB 1024, 1GB 4
[    0.034396] Spectre V1 : Mitigation: usercopy/swapgs barriers and __user pointer sanitization
[    0.036005] Spectre V2 : Mitigation: Full generic retpoline
[    0.040003] Spectre V2 : Spectre v2 / SpectreRSB mitigation: Filling RSB on context switch
[    0.042187] Speculative Store Bypass: Vulnerable
[    0.043472] MDS: Mitigation: Clear CPU buffers
[    0.044194] Freeing SMP alternatives memory: 36K
[    0.158909] smpboot: CPU0: Intel(R) Core(TM) i5-4250U CPU @ 1.30GHz (family: 0x6, model: 0x45, stepping: 0x1)
[    0.160000] Performance Events: unsupported p6 CPU model 69 no PMU driver, software events only.
[    0.160109] Hierarchical SRCU implementation.
[    0.164680] NMI watchdog: Perf event create on CPU 0 failed with -2
[    0.166581] NMI watchdog: Perf NMI watchdog permanently disabled
[    0.168062] smp: Bringing up secondary CPUs ...
[    0.169580] x86: Booting SMP configuration:
[    0.172008] .... node  #0, CPUs:      #1
[    0.004000] kvm-clock: cpu 1, msr 0:3ff44041, secondary cpu clock
[    0.183533] smp: Brought up 1 node, 2 CPUs
[    0.184011] smpboot: Max logical packages: 1
[    0.185518] smpboot: Total of 2 processors activated (7599.99 BogoMIPS)
[    0.188194] devtmpfs: initialized
[    0.189051] x86/mm: Memory block size: 128MB
[    0.192212] evm: security.selinux
[    0.193156] evm: security.SMACK64
[    0.194085] evm: security.SMACK64EXEC
[    0.196006] evm: security.SMACK64TRANSMUTE
[    0.200010] evm: security.SMACK64MMAP
[    0.202363] evm: security.apparmor
[    0.204010] evm: security.ima
[    0.208016] evm: security.capability
[    0.210655] clocksource: jiffies: mask: 0xffffffff max_cycles: 0xffffffff, max_idle_ns: 7645041785100000 ns
[    0.212016] futex hash table entries: 512 (order: 3, 32768 bytes)
[    0.219183] pinctrl core: initialized pinctrl subsystem
[    0.220396] RTC time:  2:08:21, date: 02/05/20
[    0.224315] NET: Registered protocol family 16
[    0.228090] audit: initializing netlink subsys (disabled)
[    0.229868] audit: type=2000 audit(1580868507.867:1): state=initialized audit_enabled=0 res=1
[    0.232015] cpuidle: using governor ladder
[    0.236017] cpuidle: using governor menu
[    0.240074] ACPI: bus type PCI registered
[    0.241181] acpiphp: ACPI Hot Plug PCI Controller Driver version: 0.5
[    0.244144] PCI: Using configuration type 1 for base access
[    0.248565] HugeTLB registered 2.00 MiB page size, pre-allocated 0 pages
[    0.250148] ACPI: Added _OSI(Module Device)
[    0.252005] ACPI: Added _OSI(Processor Device)
[    0.253298] ACPI: Added _OSI(3.0 _SCP Extensions)
[    0.256007] ACPI: Added _OSI(Processor Aggregator Device)
[    0.257436] ACPI: Added _OSI(Linux-Dell-Video)
[    0.258851] ACPI: Added _OSI(Linux-Lenovo-NV-HDMI-Audio)
[    0.260003] ACPI: Added _OSI(Linux-HPI-Hybrid-Graphics)
[    0.264127] ACPI: Executed 1 blocks of module-level executable AML code
[    0.269945] ACPI: Interpreter enabled
[    0.272079] ACPI: (supports S0 S5)
[    0.273507] ACPI: Using IOAPIC for interrupt routing
[    0.275112] PCI: Using host bridge windows from ACPI; if necessary, use "pci=nocrs" and report a bug
[    0.276254] ACPI: Enabled 2 GPEs in block 00 to 07
[    0.290301] ACPI: PCI Root Bridge [PCI0] (domain 0000 [bus 00-ff])
[    0.292011] acpi PNP0A03:00: _OSC: OS supports [ASPM ClockPM Segments MSI]
[    0.294914] acpi PNP0A03:00: _OSC: not requesting OS control; OS requires [ExtendedConfig ASPM ClockPM MSI]
[    0.296018] acpi PNP0A03:00: fail to add MMCONFIG information, can't access extended PCI configuration space under this bridge.
[    0.300520] PCI host bridge to bus 0000:00
[    0.302107] pci_bus 0000:00: root bus resource [io  0x0000-0x0cf7 window]
[    0.304006] pci_bus 0000:00: root bus resource [io  0x0d00-0xffff window]
[    0.305901] pci_bus 0000:00: root bus resource [mem 0x000a0000-0x000bffff window]
[    0.308004] pci_bus 0000:00: root bus resource [mem 0x40000000-0xfdffffff window]
[    0.310268] pci_bus 0000:00: root bus resource [bus 00-ff]
[    0.317764] pci 0000:00:01.1: legacy IDE quirk: reg 0x10: [io  0x01f0-0x01f7]
[    0.320006] pci 0000:00:01.1: legacy IDE quirk: reg 0x14: [io  0x03f6]
[    0.321686] pci 0000:00:01.1: legacy IDE quirk: reg 0x18: [io  0x0170-0x0177]
[    0.324005] pci 0000:00:01.1: legacy IDE quirk: reg 0x1c: [io  0x0376]
[    0.355059] pci 0000:00:07.0: quirk: [io  0x4000-0x403f] claimed by PIIX4 ACPI
[    0.356026] pci 0000:00:07.0: quirk: [io  0x4100-0x410f] claimed by PIIX4 SMB
[    0.378359] ACPI: PCI Interrupt Link [LNKA] (IRQs 5 9 10 *11)
[    0.380397] ACPI: PCI Interrupt Link [LNKB] (IRQs 5 9 *10 11)
[    0.382053] ACPI: PCI Interrupt Link [LNKC] (IRQs 5 *9 10 11)
[    0.383777] ACPI: PCI Interrupt Link [LNKD] (IRQs 5 9 10 *11)
[    0.384478] SCSI subsystem initialized
[    0.385750] pci 0000:00:02.0: vgaarb: setting as boot VGA device
[    0.386231] pci 0000:00:02.0: vgaarb: VGA device added: decodes=io+mem,owns=io+mem,locks=none
[    0.388010] pci 0000:00:02.0: vgaarb: bridge control possible
[    0.389987] vgaarb: loaded
[    0.392034] ACPI: bus type USB registered
[    0.393480] usbcore: registered new interface driver usbfs
[    0.395164] usbcore: registered new interface driver hub
[    0.396036] usbcore: registered new device driver usb
[    0.397905] EDAC MC: Ver: 3.0.0
[    0.400401] PCI: Using ACPI for IRQ routing
[    0.401748] NetLabel: Initializing
[    0.402698] NetLabel:  domain hash size = 128
[    0.404004] NetLabel:  protocols = UNLABELED CIPSOv4 CALIPSO
[    0.405563] NetLabel:  unlabeled traffic allowed by default
[    0.408160] clocksource: Switched to clocksource kvm-clock
[    0.428772] VFS: Disk quotas dquot_6.6.0
[    0.430711] VFS: Dquot-cache hash table entries: 512 (order 0, 4096 bytes)
[    0.433095] AppArmor: AppArmor Filesystem Enabled
[    0.434393] pnp: PnP ACPI init
[    0.437332] pnp: PnP ACPI: found 3 devices
[    0.453379] clocksource: acpi_pm: mask: 0xffffff max_cycles: 0xffffff, max_idle_ns: 2085701024 ns
[    0.455785] NET: Registered protocol family 2
[    0.457206] TCP established hash table entries: 8192 (order: 4, 65536 bytes)
[    0.459875] TCP bind hash table entries: 8192 (order: 5, 131072 bytes)
[    0.463492] TCP: Hash tables configured (established 8192 bind 8192)
[    0.465428] UDP hash table entries: 512 (order: 2, 16384 bytes)
[    0.467513] UDP-Lite hash table entries: 512 (order: 2, 16384 bytes)
[    0.469869] NET: Registered protocol family 1
[    0.471141] pci 0000:00:00.0: Limiting direct PCI/PCI transfers
[    0.472844] pci 0000:00:01.0: Activating ISA DMA hang workarounds
[    0.474523] pci 0000:00:02.0: Video device with shadowed ROM at [mem 0x000c0000-0x000dffff]
[    0.478122] Unpacking initramfs...
[    0.885842] Freeing initrd memory: 19744K
[    0.887099] clocksource: tsc: mask: 0xffffffffffffffff max_cycles: 0x36c6563e7a6, max_idle_ns: 881590602333 ns
[    0.889934] platform rtc_cmos: registered platform RTC device (no PNP device found)
[    0.892770] Scanning for low memory corruption every 60 seconds
[    0.895665] Initialise system trusted keyrings
[    0.896955] Key type blacklist registered
[    0.898371] workingset: timestamp_bits=36 max_order=18 bucket_order=0
[    0.902963] zbud: loaded
[    0.904596] squashfs: version 4.0 (2009/01/31) Phillip Lougher
[    0.906948] fuse init (API version 7.26)
[    0.914492] Key type asymmetric registered
[    0.918196] Asymmetric key parser 'x509' registered
[    0.920187] Block layer SCSI generic (bsg) driver version 0.4 loaded (major 246)
[    0.923610] io scheduler noop registered
[    0.926003] io scheduler deadline registered
[    0.927513] io scheduler cfq registered (default)
[    0.930316] ACPI: AC Adapter [AC] (on-line)
[    0.932593] input: Power Button as /devices/LNXSYSTM:00/LNXPWRBN:00/input/input0
[    0.935394] ACPI: Power Button [PWRF]
[    0.936678] input: Sleep Button as /devices/LNXSYSTM:00/LNXSLPBN:00/input/input1
[    0.938769] ACPI: Sleep Button [SLPF]
[    0.943407] ACPI: Battery Slot [BAT0] (battery present)
[    0.944326] Serial: 8250/16550 driver, 32 ports, IRQ sharing enabled
[    0.971206] 00:02: ttyS0 at I/O 0x3f8 (irq = 4, base_baud = 115200) is a 16550A
[    0.982620] Linux agpgart interface v0.103
[    0.994075] loop: module loaded
[    0.998453] scsi host0: ata_piix
[    1.000858] scsi host1: ata_piix
[    1.002728] ata1: PATA max UDMA/33 cmd 0x1f0 ctl 0x3f6 bmdma 0xd000 irq 14
[    1.007203] ata2: PATA max UDMA/33 cmd 0x170 ctl 0x376 bmdma 0xd008 irq 15
[    1.012519] libphy: Fixed MDIO Bus: probed
[    1.015123] tun: Universal TUN/TAP device driver, 1.6
[    1.019184] PPP generic driver version 2.4.2
[    1.021918] ehci_hcd: USB 2.0 'Enhanced' Host Controller (EHCI) Driver
[    1.025431] ehci-pci: EHCI PCI platform driver
[    1.028149] ehci-platform: EHCI generic platform driver
[    1.031299] ohci_hcd: USB 1.1 'Open' Host Controller (OHCI) Driver
[    1.036390] ohci-pci: OHCI PCI platform driver
[    1.039295] ohci-platform: OHCI generic platform driver
[    1.042212] uhci_hcd: USB Universal Host Controller Interface driver
[    1.045940] i8042: PNP: PS/2 Controller [PNP0303:PS2K,PNP0f03:PS2M] at 0x60,0x64 irq 1,12
[    1.051755] serio: i8042 KBD port at 0x60,0x64 irq 1
[    1.054733] serio: i8042 AUX port at 0x60,0x64 irq 12
[    1.058010] mousedev: PS/2 mouse device common for all mice
[    1.062178] input: AT Translated Set 2 keyboard as /devices/platform/i8042/serio0/input/input2
[    1.068258] rtc_cmos rtc_cmos: rtc core: registered rtc_cmos as rtc0
[    1.070678] rtc_cmos rtc_cmos: alarms up to one day, 114 bytes nvram
[    1.072590] i2c /dev entries driver
[    1.073757] device-mapper: uevent: version 1.0.3
[    1.075278] device-mapper: ioctl: 4.37.0-ioctl (2017-09-20) initialised: dm-devel@redhat.com
[    1.077904] ledtrig-cpu: registered to indicate activity on CPUs
[    1.080819] NET: Registered protocol family 10
[    1.088828] Segment Routing with IPv6
[    1.089934] NET: Registered protocol family 17
[    1.091668] Key type dns_resolver registered
[    1.094283] mce: Using 0 MCE banks
[    1.095849] RAS: Correctable Errors collector initialized.
[    1.098420] sched_clock: Marking stable (1098377366, 0)->(1470909443, -372532077)
[    1.102922] registered taskstats version 1
[    1.104843] Loading compiled-in X.509 certificates
[    1.111694] Loaded X.509 cert 'Build time autogenerated kernel key: 665cd2b89e03521f57c41865f552ebce30a0c7fb'
[    1.116244] zswap: loaded using pool lzo/zbud
[    1.124781] Key type big_key registered
[    1.126634] Key type trusted registered
[    1.130792] Key type encrypted registered
[    1.132085] AppArmor: AppArmor sha1 policy hashing enabled
[    1.133638] ima: No TPM chip found, activating TPM-bypass! (rc=-19)
[    1.135394] ima: Allocated hash algorithm: sha1
[    1.136682] evm: HMAC attrs: 0x1
[    1.138163]   Magic number: 8:622:105
[    1.139386] rtc_cmos rtc_cmos: setting system clock to 2020-02-05 02:08:22 UTC (1580868502)
[    1.141992] BIOS EDD facility v0.16 2004-Jun-25, 0 devices found
[    1.143557] EDD information not available.
[    1.181668] Freeing unused kernel image memory: 2428K
[    1.202006] Write protecting the kernel read-only data: 20480k
[    1.205140] Freeing unused kernel image memory: 2008K
[    1.207251] Freeing unused kernel image memory: 1884K
[    1.215893] x86/mm: Checked W+X mappings: passed, no W+X pages found.
[    1.217803] x86/mm: Checking user space page tables
[    1.226234] x86/mm: Checked W+X mappings: passed, no W+X pages found.
Loading, please wait...
starting version 237
[    1.320627] e1000: Intel(R) PRO/1000 Network Driver - version 7.3.21-k8-NAPI
[    1.322604] e1000: Copyright (c) 1999-2006 Intel Corporation.
[    1.336537] Fusion MPT base driver 3.04.20
[    1.406942] Copyright (c) 1999-2008 LSI Corporation
[    1.444945] vboxvideo: loading out-of-tree module taints kernel.
[    1.503833] vboxvideo: module verification failed: signature and/or required key missing - tainting kernel
[    1.525793] AVX2 version of gcm_enc/dec engaged.
[    1.527173] AES CTR mode by8 optimization enabled
[    1.540772] Fusion MPT SPI Host driver 3.04.20
[    1.727610] input: ImExPS/2 Generic Explorer Mouse as /devices/platform/i8042/serio1/input/input4
[    1.959304] e1000 0000:00:03.0 eth0: (PCI:33MHz:32-bit) 02:92:c5:21:58:89
[    1.963965] e1000 0000:00:03.0 eth0: Intel(R) PRO/1000 Network Connection
[    2.927808] e1000 0000:00:08.0 eth1: (PCI:33MHz:32-bit) 08:00:27:bc:be:eb
[    2.930177] e1000 0000:00:08.0 eth1: Intel(R) PRO/1000 Network Connection
[    2.934728] e1000 0000:00:08.0 enp0s8: renamed from eth1
[    2.938848] mptbase: ioc0: Initiating bringup
[    2.953033] e1000 0000:00:03.0 enp0s3: renamed from eth0
[    3.446420] ioc0: LSI53C1030 A0: Capabilities={Initiator}
[    3.957010] scsi host2: ioc0: LSI53C1030 A0, FwRev=00000000h, Ports=1, MaxQ=256, IRQ=20
[    4.582475] scsi 2:0:0:0: Direct-Access     VBOX     HARDDISK         1.0  PQ: 0 ANSI: 5
[    4.586488] [drm] VRAM 01000000
[    4.592834] [TTM] Zone  kernel: Available graphics memory: 504318 kiB
[    4.594572] [TTM] Initializing pool allocator
[    4.595802] [TTM] Initializing DMA pool allocator
[    4.600139] fbcon: vboxdrmfb (fb0) is primary device
[    4.602837] Console: switching to colour frame buffer device 100x37
[    4.606772] vboxvideo 0000:00:02.0: fb0: vboxdrmfb frame buffer device
[    4.620743] scsi target2:0:0: Beginning Domain Validation
[    4.624267] [drm] Initialized vboxvideo 1.0.0 20130823 for 0000:00:02.0 on minor 0
[    4.628345] scsi target2:0:0: Domain Validation skipping write tests
[    4.628347] scsi target2:0:0: Ending Domain Validation
[    4.628425] scsi target2:0:0: asynchronous
[    4.643102] scsi 2:0:1:0: Direct-Access     VBOX     HARDDISK         1.0  PQ: 0 ANSI: 5
[    4.783378] scsi target2:0:1: Beginning Domain Validation
[    4.786853] random: fast init done
[    4.790261] scsi target2:0:1: Domain Validation skipping write tests
[    4.792616] scsi target2:0:1: Ending Domain Validation
[    4.795222] scsi target2:0:1: asynchronous
[    4.803109] random: systemd-udevd: uninitialized urandom read (16 bytes read)
[    4.803140] sd 2:0:0:0: Attached scsi generic sg0 type 0
[    4.806308] random: systemd-udevd: uninitialized urandom read (16 bytes read)
[    4.811155] random: systemd-udevd: uninitialized urandom read (16 bytes read)
[    4.811816] sd 2:0:1:0: [sdb] 20480 512-byte logical blocks: (10.5 MB/10.0 MiB)
[    4.815145] sd 2:0:1:0: Attached scsi generic sg1 type 0
[    4.816614] sd 2:0:1:0: [sdb] Write Protect is off
[    4.818512] sd 2:0:0:0: [sda] 20971520 512-byte logical blocks: (10.7 GB/10.0 GiB)
[    4.822700] sd 2:0:0:0: [sda] Write Protect is off
[    4.822890] sd 2:0:1:0: [sdb] Incomplete mode parameter data
[    4.826638] sd 2:0:1:0: [sdb] Assuming drive cache: write through
[    4.829239] sd 2:0:0:0: [sda] Incomplete mode parameter data
[    4.831836] sd 2:0:0:0: [sda] Assuming drive cache: write through
[    4.837357]  sda: sda1
[    4.838955] sd 2:0:1:0: [sdb] Attached SCSI disk
[    4.842680] sd 2:0:0:0: [sda] Attached SCSI disk
Begin: Loading essential drivers ... [    5.196471] raid6: sse2x1   gen()  1744 MB/s
[    5.252463] raid6: sse2x1   xor()  1944 MB/s
[    5.300376] raid6: sse2x2   gen()  6927 MB/s
[    5.352545] raid6: sse2x2   xor()  4598 MB/s
[    5.401172] raid6: sse2x4   gen()  9625 MB/s
[    5.448017] raid6: sse2x4   xor()  5721 MB/s
[    5.496262] raid6: avx2x1   gen() 12924 MB/s
[    5.544314] raid6: avx2x1   xor()  8835 MB/s
[    5.592260] raid6: avx2x2   gen() 17310 MB/s
[    5.640253] raid6: avx2x2   xor() 11386 MB/s
[    5.688377] raid6: avx2x4   gen() 16823 MB/s
[    5.736146] raid6: avx2x4   xor() 13625 MB/s
[    5.737499] raid6: using algorithm avx2x2 gen() 17310 MB/s
[    5.739916] raid6: .... xor() 11386 MB/s, rmw enabled
[    5.741505] raid6: using avx2x2 recovery algorithm
[    5.745062] xor: automatically using best checksumming function   avx       
[    5.749035] async_tx: api initialized (async)
done.
Begin: Running /scripts/init-premount ... done.
Begin: Mounting root file system ... Begin: Running /scripts/local-top ... done.
Begin: Running /scripts/local-premount ... [    5.813256] Btrfs loaded, crc32c=crc32c-intel
Scanning for Btrfs filesystems
done.
Warning: fsck not present, so skipping root file system
[    5.877622] EXT4-fs (sda1): INFO: recovery required on readonly filesystem
[    5.882037] EXT4-fs (sda1): write access will be enabled during recovery
[    6.394121] EXT4-fs (sda1): recovery complete
[    6.396103] EXT4-fs (sda1): mounted filesystem with ordered data mode. Opts: (null)
done.
Begin: Running /scripts/local-bottom ... done.
Begin: Running /scripts/init-bottom ... done.
[    6.771715] ip_tables: (C) 2000-2006 Netfilter Core Team
[    6.793228] systemd[1]: systemd 237 running in system mode. (+PAM +AUDIT +SELINUX +IMA +APPARMOR +SMACK +SYSVINIT +UTMP +LIBCRYPTSETUP +GCRYPT +GNUTLS +ACL +XZ +LZ4 +SECCOMP +BLKID +ELFUTILS +KMOD -IDN2 +IDN -PCRE2 default-hierarchy=hybrid)
[    6.800403] systemd[1]: Detected virtualization oracle.
[    6.804406] systemd[1]: Detected architecture x86-64.

Welcome to [1mUbuntu 18.04.3 LTS[0m!

[    6.830160] systemd[1]: Set hostname to <ubuntu-bionic>.
[    7.325522] systemd[1]: Created slice User and Session Slice.
[[0;32m  OK  [0m] Created slice User and Session Slice.
[    7.328718] systemd[1]: Reached target Swap.
[[0;32m  OK  [0m] Reached target Swap.
[    7.331744] systemd[1]: Reached target User and Group Name Lookups.
[[0;32m  OK  [0m] Reached target User and Group Name Lookups.
[    7.336166] systemd[1]: Started Forward Password Requests to Wall Directory Watch.
[[0;32m  OK  [0m] Started Forward Password Requests to Wall Directory Watch.
[    7.340300] systemd[1]: Created slice System Slice.
[[0;32m  OK  [0m] Created slice System Slice.
[    7.342992] systemd[1]: Listening on Journal Socket (/dev/log).
[[0;32m  OK  [0m] Listening on Journal Socket (/dev/log).
[[0;32m  OK  [0m] Listening on Journal Audit Socket.
[[0;32m  OK  [0m] Listening on Network Service Netlink Socket.
[[0;32m  OK  [0m] Listening on udev Kernel Socket.
[[0;32m  OK  [0m] Listening on udev Control Socket.
[[0;32m  OK  [0m] Listening on LVM2 poll daemon socket.
[[0;32m  OK  [0m] Listening on Device-mapper event daemon FIFOs.
[[0;32m  OK  [0m] Created slice system-serial\x2dgetty.slice.
[[0;32m  OK  [0m] Listening on Journal Socket.
         Mounting Huge Pages File System...
         Mounting Kernel Debug File System...
         Starting Uncomplicated firewall...
         Starting Load Kernel Modules...
         Starting Remount Root and Kernel File Systems...
[[0;32m  OK  [0m] Listening on Syslog Socket.
[[0;32m  OK  [0m] Listening on /dev/initctl Compatibility Named Pipe.
         Starting udev Coldplug all Devices...
         Starting Journal Service...
         Starting Set the console keyboard layout...
[[0;32m  OK  [0m] Listening on LVM2 metadata daemon socket.
[    7.465937] Loading iSCSI transport class v2.0-870.
         Starting Monitoring of LVM2 mirrorsâ€¦ng dmeventd or progress polling...
         Starting Create list of required stâ€¦ce nodes for the current kernel...
         Mounting POSIX Message Queue File System...
[[0;32m  OK  [0m] Set up automount Arbitrary Executabâ€¦rmats File System Automount Point.
[    7.520767] EXT4-fs (sda1): re-mounted. Opts: (null)
[    7.566858] iscsi: registered transport (tcp)
[    7.601612] iscsi: registered transport (iser)
[[0;32m  OK  [0m] Reached target Slices.
[[0;32m  OK  [0m] Reached target System Time Synchronized.
[[0;32m  OK  [0m] Mounted Huge Pages File System.
[[0;32m  OK  [0m] Mounted Kernel Debug File System.
[[0;32m  OK  [0m] Started Uncomplicated firewall.
[[0;32m  OK  [0m] Started Load Kernel Modules.
[[0;32m  OK  [0m] Started Remount Root and Kernel File Systems.
[[0;32m  OK  [0m] Started Create list of required staâ€¦vice nodes for the current kernel.
[[0;32m  OK  [0m] Mounted POSIX Message Queue File System.
[[0;32m  OK  [0m] Started Journal Service.
         Starting Create Static Device Nodes in /dev...
         Starting Flush Journal to Persistent Storage...
         Starting Load/Save Random Seed...
         Mounting FUSE Control File System...
         Starting Apply Kernel Variables...
         Mounting Kernel Configuration File System...
[[0;32m  OK  [0m] Started udev Coldplug all Devices.
[[0;32m  OK  [0m] Started Create Static Device Nodes in /dev.
[[0;32m  OK  [0m] Mounted FUSE Control File System.
[[0;32m  OK  [0m] Mounted Kernel Configuration File System.
[[0;32m  OK  [0m] Started LVM2 metadata daemon.
         Starting udev Kernel Device Manager...
[    7.805937] systemd-journald[398]: Received request to flush runtime journal from PID 1
[[0;32m  OK  [0m] Started Load/Save Random Seed.
[[0;32m  OK  [0m] Started udev Kernel Device Manager.
[[0;32m  OK  [0m] Started Apply Kernel Variables.
[[0;32m  OK  [0m] Started Monitoring of LVM2 mirrors,â€¦sing dmeventd or progress polling.
[[0;32m  OK  [0m] Started Set the console keyboard layout.
[[0;32m  OK  [0m] Reached target Local File Systems (Pre).
[[0;32m  OK  [0m] Reached target Local File Systems.
         Starting AppArmor initialization...
         Starting ebtables ruleset management...
         Starting Tell Plymouth To Write Out Runtime Data...
         Starting Set console font and keymap...
[[0;32m  OK  [0m] Started Dispatch Password Requests to Console Directory Watch.
[[0;32m  OK  [0m] Reached target Local Encrypted Volumes.
[[0;32m  OK  [0m] Started Tell Plymouth To Write Out Runtime Data.
[[0;32m  OK  [0m] Started Set console font and keymap.
[[0;32m  OK  [0m] Started ebtables ruleset management.
[[0;32m  OK  [0m] Started Flush Journal to Persistent Storage.
         Starting Create Volatile Files and Directories...
[[0;32m  OK  [0m] Started Create Volatile Files and Directories.
         Starting Update UTMP about System Boot/Shutdown...
[[0;32m  OK  [0m] Started Update UTMP about System Boot/Shutdown.
[[0;32m  OK  [0m] Started AppArmor initialization.
         Starting Initial cloud-init job (pre-networking)...
[[0;32m  OK  [0m] Found device /dev/ttyS0.
[[0;32m  OK  [0m] Listening on Load/Save RF Kill Switch Status /dev/rfkill Watch.
[   11.110675] cloud-init[509]: Cloud-init v. 19.4-33-gbb4131a2-0ubuntu1~18.04.1 running 'init-local' at Wed, 05 Feb 2020 02:08:32 +0000. Up 10.68 seconds.
[[0;32m  OK  [0m] Started Initial cloud-init job (pre-networking).
[[0;32m  OK  [0m] Reached target Network (Pre).
         Starting Network Service...
[[0;32m  OK  [0m] Started Network Service.
         Starting Network Name Resolution...
         Starting Wait for Network to be Configured...
[[0;32m  OK  [0m] Started Network Name Resolution.
[[0;32m  OK  [0m] Reached target Network.
[[0;32m  OK  [0m] Reached target Host and Network Name Lookups.
[[0;32m  OK  [0m] Started Wait for Network to be Configured.
         Starting Initial cloud-init job (metadata service crawler)...
[   15.498000] cloud-init[690]: Cloud-init v. 19.4-33-gbb4131a2-0ubuntu1~18.04.1 running 'init' at Wed, 05 Feb 2020 02:08:36 +0000. Up 14.71 seconds.
[   15.508213] cloud-init[690]: ci-info: ++++++++++++++++++++++++++++++++++++++Net device info+++++++++++++++++++++++++++++++++++++++
[   15.514562] cloud-init[690]: ci-info: +--------+------+-----------------------------+---------------+--------+-------------------+
[   15.522138] cloud-init[690]: ci-info: | Device |  Up  |           Address           |      Mask     | Scope  |     Hw-Address    |
[   15.528801] cloud-init[690]: ci-info: +--------+------+-----------------------------+---------------+--------+-------------------+
[   15.535404] cloud-init[690]: ci-info: | enp0s3 | True |          10.0.2.15          | 255.255.255.0 | global | 02:92:c5:21:58:89 |
[   15.543051] cloud-init[690]: ci-info: | enp0s3 | True |  fe80::92:c5ff:fe21:5889/64 |       .       |  link  | 02:92:c5:21:58:89 |
[   15.551178] cloud-init[690]: ci-info: | enp0s8 | True |        192.168.33.10        | 255.255.255.0 | global | 08:00:27:bc:be:eb |
[   15.558109] cloud-init[690]: ci-info: | enp0s8 | True | fe80::a00:27ff:febc:beeb/64 |       .       |  link  | 08:00:27:bc:be:eb |
[   15.565620] cloud-init[690]: ci-info: |   lo   | True |          127.0.0.1          |   255.0.0.0   |  host  |         .         |
[   15.574784] cloud-init[690]: ci-info: |   lo   | True |           ::1/128           |       .       |  host  |         .         |
[   15.581343] cloud-init[690]: ci-info: +--------+------+-----------------------------+---------------+--------+-------------------+
[   15.586779] cloud-init[690]: ci-info: +++++++++++++++++++++++++++++Route IPv4 info+++++++++++++++++++++++++++++
[   15.597560] cloud-init[690]: ci-info: +-------+--------------+----------+-----------------+-----------+-------+
[   15.603174] cloud-init[690]: ci-info: | Route | Destination  | Gateway  |     Genmask     | Interface | Flags |
[   15.607245] cloud-init[690]: ci-info: +-------+--------------+----------+-----------------+-----------+-------+
[   15.613027] cloud-init[690]: ci-info: |   0   |   0.0.0.0    | 10.0.2.2 |     0.0.0.0     |   enp0s3  |   UG  |
[   15.633047] cloud-init[690]: ci-info: |   1   |   10.0.2.0   | 0.0.0.0  |  255.255.255.0  |   enp0s3  |   U   |
[   15.646169] cloud-init[690]: ci-info: |   2   |   10.0.2.2   | 0.0.0.0  | 255.255.255.255 |   enp0s3  |   UH  |
[   15.652741] cloud-init[690]: ci-info: |   3   | 192.168.33.0 | 0.0.0.0  |  255.255.255.0  |   enp0s8  |   U   |
[   15.657865] cloud-init[690]: ci-info: +-------+--------------+----------+-----------------+-----------+-------+
[   15.662634] cloud-init[690]: ci-info: +++++++++++++++++++Route IPv6 info+++++++++++++++++++
[   15.671734] cloud-init[690]: ci-info: +-------+-------------+---------+-----------+-------+
[   15.678088] cloud-init[690]: ci-info: | Route | Destination | Gateway | Interface | Flags |
[   15.688580] cloud-init[690]: ci-info: +-------+-------------+---------+-----------+-------+
[   15.693278] cloud-init[690]: ci-info: |   1   |  fe80::/64  |    ::   |   enp0s8  |   U   |
[   15.701047] cloud-init[690]: ci-info: |   2   |  fe80::/64  |    ::   |   enp0s3  |   U   |
[   15.716778] cloud-init[690]: ci-info: |   4   |    local    |    ::   |   enp0s3  |   U   |
[   15.720143] cloud-init[690]: ci-info: |   5   |    local    |    ::   |   enp0s8  |   U   |
[   15.725362] cloud-init[690]: ci-info: |   6   |   ff00::/8  |    ::   |   enp0s8  |   U   |
[   15.731425] cloud-init[690]: ci-info: |   7   |   ff00::/8  |    ::   |   enp0s3  |   U   |
[   15.737350] cloud-init[690]: ci-info: +-------+-------------+---------+-----------+-------+
[[0;32m  OK  [0m] Started Initial cloud-init job (metadata service crawler).
[[0;32m  OK  [0m] Reached target System Initialization.
[[0;32m  OK  [0m] Listening on Open-iSCSI iscsid Socket.
[[0;32m  OK  [0m] Listening on D-Bus System Message Bus Socket.
[[0;32m  OK  [0m] Started Daily apt download activities.
[[0;32m  OK  [0m] Started Discard unused blocks once a week.
         Starting LXD - unix socket.
[[0;32m  OK  [0m] Started Message of the Day.
[[0;32m  OK  [0m] Listening on UUID daemon activation socket.
[[0;32m  OK  [0m] Started Daily Cleanup of Temporary Directories.
[[0;32m  OK  [0m] Listening on ACPID Listen Socket.
[[0;32m  OK  [0m] Started ACPI Events Check.
[[0;32m  OK  [0m] Reached target Paths.
[[0;32m  OK  [0m] Started Daily apt upgrade and clean activities.
[[0;32m  OK  [0m] Reached target Timers.
         Starting Socket activation for snappy daemon.
[[0;32m  OK  [0m] Reached target Cloud-config availability.
[[0;32m  OK  [0m] Reached target Network is Online.
         Starting Availability of block devices...
[[0;32m  OK  [0m] Reached target Remote File Systems (Pre).
[[0;32m  OK  [0m] Reached target Remote File Systems.
[[0;32m  OK  [0m] Listening on LXD - unix socket.
[[0;32m  OK  [0m] Listening on Socket activation for snappy daemon.
[[0;32m  OK  [0m] Started Availability of block devices.
[[0;32m  OK  [0m] Reached target Sockets.
[[0;32m  OK  [0m] Reached target Basic System.
         Starting LXD - container startup/shutdown...
[[0;32m  OK  [0m] Started irqbalance daemon.
         Starting Dispatcher daemon for systemd-networkd...
         Starting Login Service...
[[0;32m  OK  [0m] Started Regular background program processing daemon.
         Starting System Logging Service...
         Starting LSB: automatic crash report generation...
         Starting LSB: Record successful boot for GRUB...
[[0;32m  OK  [0m] Started Deferred execution scheduler.
         Starting OpenBSD Secure Shell server...
         Starting vboxadd.service...
[[0;32m  OK  [0m] Started D-Bus System Message Bus.
         Starting Accounts Service...
         Starting Message of the Day...
         Starting Snappy daemon...
[[0;32m  OK  [0m] Started FUSE filesystem for LXC.
         Starting Permit User Sessions...
[[0;32m  OK  [0m] Started System Logging Service.
[[0;32m  OK  [0m] Started Login Service.
[[0;32m  OK  [0m] Started Unattended Upgrades Shutdown.
[[0;32m  OK  [0m] Started Permit User Sessions.
         Starting Hold until boot process finishes up...
         Starting Terminate Plymouth Boot Screen...
[[0;32m  OK  [0m] Started Hold until boot process finishes up.
[[0;32m  OK  [0m] Started Serial Getty on ttyS0.
         Starting Set console scheme...
[[0;32m  OK  [0m] Started Terminate Plymouth Boot Screen.
[[0;32m  OK  [0m] Started LXD - container startup/shutdown.
         Starting Authorization Manager...
[[0;32m  OK  [0m] Started Set console scheme.
[[0;32m  OK  [0m] Created slice system-getty.slice.
[[0;32m  OK  [0m] Started Getty on tty1.
[[0;32m  OK  [0m] Reached target Login Prompts.
[[0;32m  OK  [0m] Started LSB: Record successful boot for GRUB.
[[0;32m  OK  [0m] Started OpenBSD Secure Shell server.
[[0;32m  OK  [0m] Started LSB: automatic crash report generation.
[[0;32m  OK  [0m] Started Authorization Manager.
[[0;32m  OK  [0m] Started Accounts Service.
[[0;32m  OK  [0m] Started Dispatcher daemon for systemd-networkd.
[[0;32m  OK  [0m] Created slice User Slice of vagrant.
[[0;32m  OK  [0m] Started Snappy daemon.
         Starting Wait until snapd is fully seeded...
[[0;32m  OK  [0m] Started Wait until snapd is fully seeded.
[[0;32m  OK  [0m] Started Session 1 of user vagrant.
         Starting Apply the settings specified in cloud-config...
         Starting User Manager for UID 1000...
[[0;32m  OK  [0m] Started User Manager for UID 1000.
[   22.137889] cloud-init[1033]: Cloud-init v. 19.4-33-gbb4131a2-0ubuntu1~18.04.1 running 'modules:config' at Wed, 05 Feb 2020 02:08:42 +0000. Up 21.59 seconds.
[[0;32m  OK  [0m] Started Apply the settings specified in cloud-config.
[[0;32m  OK  [0m] Started vboxadd.service.
         Starting vboxadd-service.service...

Ubuntu 18.04.3 LTS ubuntu-bionic ttyS0

ubuntu-bionic login: [   23.955904] cloud-init[1189]: Cloud-init v. 19.4-33-gbb4131a2-0ubuntu1~18.04.1 running 'modules:final' at Wed, 05 Feb 2020 02:08:44 +0000. Up 23.62 seconds.
[   23.956229] cloud-init[1189]: Cloud-init v. 19.4-33-gbb4131a2-0ubuntu1~18.04.1 finished at Wed, 05 Feb 2020 02:08:45 +0000. Datasource DataSourceNoCloud [seed=/dev/sdb][dsmode=net].  Up 23.93 seconds
